stack@devstack:/opt/devstack$ /usr/local/bin/nova-novncproxy --config-file /etc/ nova/nova.conf --web /opt/stack/noVNC & echo $! >/opt/stack/status/stack/n-novnc .pid; fg || echo "n-novnc failed to start" | tee "/opt/stack/status/stack/n-novn c.failure"
[1] 19426
/usr/local/bin/nova-novncproxy --config-file /etc/nova/nova.conf --web /opt/stack/noVNC
WebSocket server settings:
  - Listen on 0.0.0.0:6080
  - Flash security policy server
  - Web server. Web root: /opt/stack/noVNC
  - No SSL/TLS support (no cert file)
Traceback (most recent call last):
  File "/usr/local/bin/nova-novncproxy", line 10, in <module>
    sys.exit(main())
  File "/opt/stack/nova/nova/cmd/novncproxy.py", line 88, in main
    server.start_server()
  File "/usr/local/lib/python2.7/dist-packages/websockify/websocket.py", line 748, in start_server
    lsock = self.socket(self.listen_host, self.listen_port, False, self.prefer_ipv6)
  File "/usr/local/lib/python2.7/dist-packages/websockify/websocket.py", line 193, in socket
    sock.bind(addrs[0][4])
  File "/usr/lib/python2.7/socket.py", line 224, in meth
    return getattr(self._sock,name)(*args)
socket.error: [Errno 98] Address already in use
n-novnc failed to start
stack@devstack:/opt/devstack$ root@devstack:~# /usr/local/bin/nova-novncproxy --config-file /etc/nova/nova.conf --web /opt/stack/noVNC
WebSocket server settings:
  - Listen on 0.0.0.0:6080
  - Flash security policy server
  - Web server. Web root: /opt/stack/noVNC
  - No SSL/TLS support (no cert file)
  - proxying from 0.0.0.0:6080 to ignore:ignore

  1: 10.0.2.2: new handler Process
  2: 10.0.2.2: new handler Process
  3: 10.0.2.2: new handler Process
  1: 10.0.2.2: "GET /vnc_auto.html?token=13b05263-dd09-4f92-a841-5094ec7ece54&title=sd(7da722e8-5019-45b9-b3ee-a5ef6008dba9) HTTP/1.1" 200 -
  4: 10.0.2.2: new handler Process
  5: 10.0.2.2: new handler Process
  3: 10.0.2.2: "GET /include/util.js HTTP/1.1" 200 -
  2: 10.0.2.2: "GET /include/base.css HTTP/1.1" 200 -
  6: 10.0.2.2: new handler Process
  7: 10.0.2.2: new handler Process
  8: 10.0.2.2: new handler Process
  4: 10.0.2.2: "GET /include/webutil.js HTTP/1.1" 200 -
  5: 10.0.2.2: "GET /include/base64.js HTTP/1.1" 200 -
  9: 10.0.2.2: new handler Process
 10: 10.0.2.2: new handler Process
  7: 10.0.2.2: "GET /include/des.js HTTP/1.1" 200 -
 11: 10.0.2.2: new handler Process
 12: 10.0.2.2: new handler Process
  6: 10.0.2.2: "GET /include/websock.js HTTP/1.1" 200 -
  9: 10.0.2.2: "GET /include/keyboard.js HTTP/1.1" 200 -
  8: 10.0.2.2: "GET /include/keysymdef.js HTTP/1.1" 200 -
 13: 10.0.2.2: new handler Process
 10: 10.0.2.2: "GET /include/input.js HTTP/1.1" 200 -
 11: 10.0.2.2: "GET /include/display.js HTTP/1.1" 200 -
 12: 10.0.2.2: "GET /include/jsunzip.js HTTP/1.1" 200 -
 13: 10.0.2.2: "GET /include/rfb.js HTTP/1.1" 200 -
 14: 10.0.2.2: new handler Process
 14: 10.0.2.2: Plain non-SSL (ws://) WebSocket connection
 14: 10.0.2.2: Version hybi-13, base64: 'False'
 14: 10.0.2.2: Path: '/websockify'
 14: connecting to: 127.0.0.1:5900

Traffic Legend:
    }  - Client receive
    }. - Client receive partial
    {  - Target receive

    >  - Target send
    >. - Target send partial
    <  - Client send
    <. - Client send partial

{<}>{<}>{<}>{<}>{<}>{<}>}>{<}>}>}>}>}>}>}>}>}>}>}>}>}>}>}>{<}>}>}>{<}>{<}>{<}>}>}>{<}>{<}>}>{<}>}>{<}>}>}>{<}>{<}>}>{<}>}>{<}>}>{<}>}>}>}>{<}>{<}>}>{<}>{<}>}>{<}>{<}>}>{<}>}>}>}>{<}>}>}>{<}>}>}>{<}>}>{<}>}>}>}>}>{<}>}>{<}>}>{<}>}>}>}>{<}>}>}>}>{<}>{<}>}>{<}>{<}>{<}>{<}>{<}>}>}>{<}>{<}>}>}>{<}>{<}>}>}>}>}}>>{<}>{<}>}>{<}>{<}>{<}>}>}>{<}>}>}>{<}>}>{<}>}>{<}>}>{<}>}>{<}>}>{<}>}>{<}>{<}>{<}>{<}>}>{<}>{<}>}>{<}>}>{<}>}>{<}>{<}>}>{<}>}>}>{<}>{<}>}>{<}>{<}>{<}>{<}>{<}>{<}>{<}>{<}>}>{<}>}>{<}>}>}>{<}>{<}>}>{<}>}>}>{<}>{<}>{<}>{<}>{<}>{<}>{<}>{<}>{<}>{<}>{<}>{<}>{<}>{<}>{<}>{<}>{<}>{<}>{<}>{<}>{<}>{<}>{<}>{<}>{<}>{<}>{<}>{<}>{<}>{<}>{<}>{<}>{<}>{<}>{<}>{<}>{<}>{<}>{<}>{<}>{<}>{<}>{<}>{<}>{<}>{<}>{<}>{<}>{<}>{<}>{<}>{<}>{<}>{<}>{<}>{<}>{<}>{<}>{<}>{<}>{<}>{<}>{<}>{<}>{<}>{<}>{<}>{<}>{<}>{<}>{<}>{<}>{<}>{<}>{<}>{<}>{<}>{<}>{<}>{<}>{<}>{<}>{<}>}>{<}>{<}>{<}>}}>>{<}>{<}>}>}>{<}>}>{<}>{<}>}>{<}>{<}>{<}>{<}>{<}>{<}>{<}>{<}>{<}>{<}>{<}>{<}>{<}>{<}>{<}>{<}>{<}>{<}>{<}>{<}>{<}>{<}>{<}>{<}>{<}>{<}>{<}>{<}>{<}>{<}>{<}>{<}>{<}>{<}>{<}>{<}>{<}>{<}>}>}>{<}>{<}>{<}>{<}>{<}>{<}>{<}>{<}>{<}>{<}>{<}>{<}>{<}>{<}>{<}>{<}>{<}>{<}>{<}>{<}>{<}>{<}>{<}>{<}>{<}>{<}>{<}>{<}>{<}>{<}>{<}>{<}>{<}>{<}>{<}>{<}>{<}>{<}>{<}>{<}>{<}>{<}>{<}>{<}>{<}>{<}>{<}>{<}>{<}>{<}>{<}>{<}>{<}>{<}>{<}>{<}>{<}>{<}>{<}>{<}>{<}>{<}>{<}>{<}>{<}>{<}>{<}>{<}>{<}>{<}>{<}>{<}>{<}>{<}>{<}>{<}>{<}>{<}>{<}>{<}>{<}>{<}>{<}>{<}>{<}>{<}>{<}>{<}>{<}>{<}>{<}>{<}>{<}>{<}>{<}>{<}>{<}>{<}>{<}>{<}>{<}>{<}>{<}>{<}>{<}>{<}>{<}>{<}>{<}>{<}>{<}>{<}>{<}>{<}>{<}>{<}>{<}>{<}>{<}>{<}>{<}>{<}>{<}>{<}>{<}>{<}>{<}>{<}>{<}>{<}>{<}>{<}>{<}>{<}>{<}>{<}>{<}>{<}>{<}>{<}>{<}>{<}>{<}>{<}>{<}>{<}>{<}>{<}>{<}>{<}>{<}>{<}>{<}>{<}>{<}>{<}>{<}>{<}>{<}>{<}>{<}>{<}>{<}>{<}>{<}>{<}>{<}>{<}>{<}>{<}>{<}>{<}>{<}>{<}>{<}>{<}>{<}>{<}>{<}>{<}>{<}>{<}>{<}>{<}>{<}>{<}>{<}>{<}>{<}>{<}>{<}>{<}>{<}>{<}>{<}>{<}>{<}>{<}>{<}>{<}>{<}>{<}>{<}>{<}>{<}>{<}>{<}>{<}>{<}>{<}>{<}>{<}>{<}>{<}>{<}>{<}>{<}>{<}>{<}>{<}>{<}>{<}>{<}>{<}>{<}>{<}>{<}>{<}>{<}>{<}>{<}>{<}>{<}>{<}>{<}>{<}>{<}>{<}>{<}>{<}>{<}>{<}>{<}>{<}>{<}>{<}>{<}>{<}>{<}>{<}>{<}>{<}>{<}>{<}>{<}>{<}>{<}>{<}>{<}>{<}>{<}>{<}>{<}>{<}>{<}>}>}>}>}>{<}>}>}>}>}>}>}>}>}>}>}>{<}>{<}>}>{<}>}>{<}>}>}>{<}>}>{<}>}>{<}>}>}>{<}>{<}>{<}>{<}>{<}>{<}>{<}>{<}>{<}>{<}>{<}>}>{<}>{<}>{<}>{<}>}>{<}>}>{<}>}>{<}>{<}>{<}>{<}>}>{<}>{<}>}>{<}>{<}>}>}>{<}>}>{<}>{<}>}>}>{<}>}>}>{<}>}>}>}>{<}>}>{<}>{<}>}>}>{<}>}>{<}>}>{<}>{<}>}>}>}>{<}>}>}>{<}>}>{<}>{<}>}>}>}>{<}>}>{<}>}>}>}>{<}>}>}>{<}>{<}>}>{<}>}>}>}>{<}>}>{<}>}>}>}>{<}>}>{<}>}>}>{<}}>>{<}>{<}>{<}>}>{<}>}>{<}>{<}>}>}>{<}>{<}>{<}>}>}>{<}>}>}>{<}>}>{<}>}>}>{<}>}>}>}>{<}>}>{<}>}>}>{<}>}>{<}>}>{<}>}>}>{<}>}>{<}>}>{<}>}>}>}>{<}>{<}>}>{<}>}>}>{<}>}>}>}>{<}>}>{<}>}>}>{<}>}>}>{<}>{<}>}>}>{<}>}>{<}>{<}>}>}>{<}>}>{<}>{<}>}>}>{<}>}>}>{<}>{<}>}>{<}>{<}>{<}>{<}>{<}>{<}>{<}>{<}>{<}>{<}>{<}>{<}>}>{<}>}>}>}>}>}>}>}>}>}>}>}>}>}>}>}>}>{<}>}>}>}>}>}>}>}>{<}>}>}>}>}>}>}>{<}>}>}>}>}>}>}>}>}>}>}>{<}>}>}>}>}>{<}>{<}>{<}>{<}>{<}>{<}>{<}>{<}>{<}>{<}>{<}>{<}>{<}>{<}>{<}>{<}>{<}>{<}>{<}>{<}>{<}>{<}>{<}>{<}>{<}>{<}>{<}>{<}>{<}>{<}>{<}>{<}>{<}>{<}>{<}>{<}>{<}>{<}>{<}>{<}>{<}>{<}>{<}>{<}>{<}>{<}>{<}>{<}>{<}>{<}>{<}>{<}>{<}>{<}>{<}>{<}>{<}>{<}>{<}>{<}>{<}>{<}>{<}>{<}>{<}>{<}>{<}>{<}>{<}>{<}>{<}>{<}>{<}>{<}>{<}>{<}>{<}>{<}>{<}>{<}>{<}>{<}>{<}>{<}>{<}>{<}>{<}>{<}>{<}>{<}>{<}>{<}>{<}>{<}>{<}>{<}>{<}>{<}>{<}>{<}>{<}>{<}>{<}>{<}>{<}>{<}>{<}>{<}>{<}>{<}>{<}>{<}>{<}>{<}>{<}>{<}>{<}>{<}>{<}>{<}>{<}>{<}>{<}>{<}>{<}>{<}>{<}>{<}>{<}>{<}>{<}>{<}>{<}>{<}>{<}>{<}>{<}>{<}>{<}>{<}>{<}>{<}>{<}>{<}>{<}>{<}>{<}>{<}>{<}>{<}>{<}>{<}>{<}>{<}>{<}>{<}>{<}>{<}>{<}>{<}>{<}>{<}>{<}>{<}>{<}>{<}>{<}>{<}>{<}>{<}>{<}>{<}>{<}>{<}>{<}>{<}>{<}>{<}>{<}>{<}>{<}>{<}>{<}>{<}>{<}>{<}>{<}>{<}>{<}>{<}>{<}>{<}>{<}>{<}>{<}>{<}>{<}>{<}>{<}>{<}>{<}>{<}>{<}>{<}>{<}>{<}>{<}>{<}>{<}>{<}>{<}>{<}>{<}>{<}>{<}>{<}>{<}>{<}>{<}>{<}>{<}>{<}>{<}>{<}>{<}>{<}>{<}>{<}>{<}>{<}>{<}>{<}>{<}>{<}>{<}>{<}>{<}>{<}>{<}>{<}>{<}>{<}>{<}>{<}>{<}>{<}>{<}>{<}>{<}>{<}>{<}>{<}>{<}>{<}>{<}>{<}>{<}>{<}>{<}>{<}>{<}>{<}>{<}>{<}>{<}>{<}>{<}>{<}>{<}>{<}>{<}>{<}>{<}>{<}>{<}>{<}>{<}>{<}>{<}>{<}>{<}>{<}>{<}>{<}>{<}>{<}>{<}>{<}>{<}>{<}>{<}>{<}>{<}>{<}>{<}>{<}>{<}>{<}>{<}>{<}>{<}>{<}>{<}>{<}>{<}>{<}>{<}>{<}>{<}>{<}>{<}>{<}>{<}>{<}>{<}>{<}>{<}>{<}>{<}>{<}>{<}>{<}>{<}>{<}>{<}>{<}>{<}>{<}>{<}>{<}>{<}>{<}>{<}>{<}>{<}>{<}>{<}>{<}>{<}>{<}>{<}>{<}>{<}>{<}>{<}>{<}>{<}>{<}>{<}>{<}>{<}>{<}> 14: ignore:ignore: Target closed connection
 14: 127.0.0.1:5900: Target closed

Broadcast message from sysop@devstack
	(/dev/pts/29) at 15:01 ...

The system is going down for halt NOW!
root@devstack:~# /usr/local/bin/nova-novncproxy --config-file /etc/nova/nova.conf --web /opt/stack/noVNC
WebSocket server settings:
  - Listen on 0.0.0.0:6080
  - Flash security policy server
  - Web server. Web root: /opt/stack/noVNC
  - No SSL/TLS support (no cert file)
  - proxying from 0.0.0.0:6080 to ignore:ignore

  1: 10.0.2.2: new handler Process
  2: 10.0.2.2: new handler Process
  3: 10.0.2.2: new handler Process
  4: 10.0.2.2: new handler Process
  5: 10.0.2.2: new handler Process
  1: 10.0.2.2: "GET /vnc_auto.html?token=c3740343-2fa7-43fd-8aef-95a37f26768d&title=pleasework(1be95f52-b77b-4205-91af-8db2cffa517f) HTTP/1.1" 200 -
  6: 10.0.2.2: new handler Process
  7: 10.0.2.2: new handler Process
  7: 10.0.2.2: Plain non-SSL (ws://) WebSocket connection
  7: 10.0.2.2: Version hybi-13, base64: 'False'
  7: 10.0.2.2: Path: '/websockify'
  7: connecting to: 127.0.0.1:5900

Traffic Legend:
    }  - Client receive
    }. - Client receive partial
    {  - Target receive

    >  - Target send
    >. - Target send partial
    <  - Client send
    <. - Client send partial

{<}>{<}>{<}>{<}>{<}>{<}>{<}>{<}>{<}>{<}>{<}>  2: 10.0.2.2: ignoring socket not ready
  3: 10.0.2.2: ignoring socket not ready
  4: 10.0.2.2: ignoring socket not ready
  5: 10.0.2.2: ignoring socket not ready
{<}>{<}>{<}>{<}>{<}>{<}>}>}>}>}>}>}>}>}>}>}>}>}>{<}>}>}>}>}>}>}>}>}>}>}>}>{<}>}>}>}>}>}>}>}>}>{<}>{<}>}>}>}>}>{<}>}>}>}>}>{<}>{<}>{<}>}>}>{<}>{<}>}>{<}>}>{<}>}>{<}>}>}>}>{<}>{<}>}>}>{<}>}>{<}>{<}>}>}>{<}}>>{<}>{<}>{<}>{<}>}>{<}>}>}>}>{<}>}>}>{<}>}>}>{<}>}>}>}>}>{<}>}>}>{<}>}>}>{<}>}>}>}>{<}>}>}>}>{<}>{<}>{<}>}>{<}>{<}>}>}>{<}>{<}>}>}>{<}>}>}>{<}>}>}>{<}>{<}>}>}>}>{<}>{}<>}>{<}>}>}>{<}>}>}>}>{<}>}>}>{<}>}>{<}>}>{<}>}>}>{<}>}>{<}>}>}>}>{<}>}>{<}>}>}>{<}>}>}>}>{<}>}>}>{<}>}>{<}>}>}>{<}>}>{<}>{<}>{<}>{<}>{<}>{<}>{<}>  6: 10.0.2.2: ignoring empty handshake
{<}>{<}>{<}>{<}>{<}>{<}>}>}>{<}>}>{<}>{<}>}>}>{<}>}>}>{<}>}>}>{<}>}>{<}>{<}>}>}>{<}>}>{<}>}>}>{<}>}>{<}>}>}>{<}>}>}>{<}>{<}>}>}>{<}>}>{<}>}>}>}>{<}>{<}>{<}>{<}>{<}>{<}>{<}>{<}>{<}>{<}>{<}>{<}>{<}>{<}>{<}>{<}>{<}>{<}>{<}>{<}>{<}>{<}>{<}>{<}>{<}>{<}>{<}>{<}>{<}>{<}>{<}>{<}>{<}>{<}>{<}>{<}>{<}>{<}>{<}>{<}>{<}>{<}>{<}>{<}>{<}>{<}>{<}>{<}>{<}>{<}>{<}>{<}>{<}>{<}>}}>>{<}>}>}>}>}>}>}>}>}>}>}>}>}>{<}>}>{<}>{<}>}>}>{<}>{<}>}>{<}>}>}>}>{<}>}>}>{<}>}>}>}>{<}>}>{<}>}>{<}>}>{<}>}>{<}>{<}>}>{<}>}>}>{<}>}>}>}>{<}>{<}>}>{<}>}>{<}>}>{<}>}>}>{<}>}>{<}>}>{<}>}>{<}>{<}>}>}>{<}>}>{<}>}>}>{<}>{<}>}>}>{<}>}>{<}>}>}>{<}>{<}>{<}>{<}>{<}}>>{<}>{<}>}>{<}>}>{<}}>>{<}>{<}>{<}>}>{<}>{<}>}>{<}>}>{<}>}>{<}>}>}}>>{<}>}>}>{<}>{<}>}>}>}>{<}>{<}>}>{<}>}>}>{<}>}>}{><}>{<}>}>}>{<}>{<}>}>}>{<}>}>}>}}>>{<}>{<}>}>}>}>{<}>}>{<}>{<}>}>}>{<}>}>}>{<}>}>}>{<}>{<}>}>}>{<}>}>}>{<}>{<}}>>{<}>{<}>{<}>{<}>{<}>}>{<}>}>{<}>}>}>{<}>{<}>}>}>}>{<}>{}<>}>}>{<}>}>{<}>{<}>}>{<}>}>{<}>}>{<}>}>}>{<}>}>{<}>}>{<}>}>}>{<}>}>{<}>}>{<}>}>{<}>}>{<}>}>}>}>{<}>}>{<}>}>}>{<}>}>{<}>}>}>{<}>}>{<}>}>}>{<}>{<}>}>{<}>{<}>}>{<}>}>}>{<}>}>{<}>{<}>{<}>{<}>{<}>{<}>{<}>}>{<}>}>}>{<}>{<}>{<}>{<}>{<}>{<}>{<}>{<}>{<}>{<}>{<}>  7: ignore:ignore: Client closed connection
  7: 127.0.0.1:5900: Target closed

Broadcast message from sysop@devstack
	(/dev/pts/29) at 15:12 ...

The system is going down for halt NOW!
root@devstack:~# /usr/local/bin/nova-novncproxy --config-file /etc/nova/nova.conf --web /opt/stack/noVNC
WebSocket server settings:
  - Listen on 0.0.0.0:6080
  - Flash security policy server
  - Web server. Web root: /opt/stack/noVNC
  - No SSL/TLS support (no cert file)
  - proxying from 0.0.0.0:6080 to ignore:ignore

  1: 10.0.2.2: new handler Process
  2: 10.0.2.2: new handler Process
  3: 10.0.2.2: new handler Process
  4: 10.0.2.2: new handler Process
  5: 10.0.2.2: new handler Process
  6: 10.0.2.2: new handler Process
  1: 10.0.2.2: "GET /vnc_auto.html?token=6f2b16ad-7f32-4340-a3c1-76faa8253701&title=sdfsdfs(74b646a5-57a1-4bc3-a1cb-154d30dfeefe) HTTP/1.1" 200 -
  2: 10.0.2.2: "GET /include/base.css HTTP/1.1" 200 -
  3: 10.0.2.2: "GET /include/util.js HTTP/1.1" 200 -
  7: 10.0.2.2: new handler Process
  8: 10.0.2.2: new handler Process
  4: 10.0.2.2: "GET /include/webutil.js HTTP/1.1" 200 -
  6: 10.0.2.2: "GET /include/websock.js HTTP/1.1" 200 -
  5: 10.0.2.2: "GET /include/base64.js HTTP/1.1" 200 -
  9: 10.0.2.2: new handler Process
  7: 10.0.2.2: "GET /include/des.js HTTP/1.1" 200 -
 10: 10.0.2.2: new handler Process
  8: 10.0.2.2: "GET /include/keysymdef.js HTTP/1.1" 200 -
 11: 10.0.2.2: new handler Process
  9: 10.0.2.2: "GET /include/keyboard.js HTTP/1.1" 200 -
 12: 10.0.2.2: new handler Process
 10: 10.0.2.2: "GET /include/input.js HTTP/1.1" 200 -
 13: 10.0.2.2: new handler Process
 11: 10.0.2.2: "GET /include/display.js HTTP/1.1" 200 -
 13: 10.0.2.2: "GET /include/rfb.js HTTP/1.1" 200 -
 12: 10.0.2.2: "GET /include/jsunzip.js HTTP/1.1" 200 -
 14: 10.0.2.2: new handler Process
 14: 10.0.2.2: Plain non-SSL (ws://) WebSocket connection
 14: 10.0.2.2: Version hybi-13, base64: 'False'
 14: 10.0.2.2: Path: '/websockify'
 14: connecting to: 127.0.0.1:5900

Traffic Legend:
    }  - Client receive
    }. - Client receive partial
    {  - Target receive

    >  - Target send
    >. - Target send partial
    <  - Client send
    <. - Client send partial

{<}>{<}>{<}>{<}>{<}>{<}>{<}>}>}>}>}>}>}>}>}>}>}>}>{<}>}>}>}>}>}>{<}>}>}>}>}>}>}>}>}>}>}>{<}>{<}>{<}>{<}>{<}>{<}>{<}>{<}>{<}>{<}>{<}>{<}>{<}>{<}>{<}>{<}>}>}>}>}>}>}>}>}>}>}>}>{<}>{<}>{<}>}>}>{<}>}>{<}>{<}>}>}>{<}>{<}>}>}>{<}>}>{<}>}>{<}>}>}>{<}>{<}>}>}>{<}}>>{<}>{<}>}>{<}>}>}>}>{<}>}>}>{<}>}>}>{<}>{<}>{<}>}>}>}>{<}>}>}>}>{<}>{<}>}>}>}>{<}>}>}>}>{<}>}>}>{<}>{<}>{<}>{<}>{<}>{<}>}>{<}>{<}>}>}{><}>{<}>}>}>{<}>}>}>{<}>}>}>}>{<}>}>}>{<}>}>{<}>{<}>}>}>}>{<}>}>{<}>}>}>}>{<}>}>{<}>{<}>}>}>}>{<}>{<}}>>}>{<}>}>{<}>}>}>{<}>}>}>{<}>}>}>{<}>}>}>{<}>}>}>{<}>}>}>{<}>}>{<}>{<}>{<}>}>{<}>{<}>{<}>}>{<}>{}<>}>}>{<}>{<}>{<}>{<}>{<}>{<}>{<}>{<}>{<}>{<}>{<}>{<}>{<}>{<}>{<}>{<}>{<}>{<}>{<}>{<}>{<}>{<}>{<}>{<}>{<}>{<}>{<}>{<}>{<}>{<}>{<}>{<}>{<}>{<}>{<}>{<}>{<}>{<}>{<}>{<}>{<}>{<}>{<}>{<}>{<}>{<}>{<}>{<}>{<}>{<}>{<}>{<}>{<}>{<}>{<}>{<}>{<}>{<}>{<}>{<}>{<}>{<}>{<}>{<}>{<}>{<}>{<}>{<}>{<}>{<}>{<}>{<}>{<}>{<}>{<}>{<}>{<}>{<}>{<}>{<}>{<}>{<}>{<}>{<}>{<}>{<}>{<}>{<}>{<}>{<}>{<}>{<}>{<}>{<}>{<}>{<}>{<}>{<}>{<}>{<}>{<}>{<}>{<}>{<}>{<}>{<}>{<}>{<}>{<}>{<}>{<}>{<}>{<}>{<}>{<}>{<}>{<}>{<}>{<}>{<}>{<}>{<}>{<}>{<}>{<}>{<}>{<}>{<}>{<}>{<}>{<}>{<}>{<}>{<}>{<}>{<}>{<}>{<}>{<}>{<}>{<}>{<}>{<}>{<}>{<}>{<}>{<}>{<}>{<}>{<}>{<}>{<}>{<}>{<}>{<}>{<}>{<}>{<}>{<}>{<}>{<}>{<}>{<}>{<}>{<}>{<}>{<}>}>{<}>}>}>}>}>}>}>}>{<}>{<}>{<}>{<}>{<}>}>}>}>}>}>}>}>}>}>}>}>{<}>}>}>{<}>}>{<}>}>}>}>{<}>{<}>{<}>{<}> 14: ignore:ignore: Client closed connection
 14: 127.0.0.1:5900: Target closed
 15: 10.0.2.2: new handler Process
 16: 10.0.2.2: new handler Process
 17: 10.0.2.2: new handler Process
 15: 10.0.2.2: "GET /vnc_auto.html?token=fb9aa1b8-3297-41a5-a9ef-d04f6f0edb53&title=test(0075db20-12a6-4ec4-a499-86236c88b388) HTTP/1.1" 200 -
 18: 10.0.2.2: new handler Process
 19: 10.0.2.2: new handler Process
 20: 10.0.2.2: new handler Process
 21: 10.0.2.2: new handler Process
 21: 10.0.2.2: Plain non-SSL (ws://) WebSocket connection
 21: 10.0.2.2: Version hybi-13, base64: 'False'
 21: 10.0.2.2: Path: '/websockify'
 21: connecting to: 127.0.0.1:5900

Traffic Legend:
    }  - Client receive
    }. - Client receive partial
    {  - Target receive

    >  - Target send
    >. - Target send partial
    <  - Client send
    <. - Client send partial

{<}>{<}>{<}>{<}>{<}>{<}>{<}>{<}>{<}>{<}>{<}>{<}> 17: 10.0.2.2: ignoring socket not ready
 18: 10.0.2.2: ignoring socket not ready
{<}>{<}>{<}>{<}>{<}>{<}>{<}>{<}>{<}>{<}>{<}>{<}>{<}>{<}>{<}>{<}>{<}>{<}>{<}>{<}>{<}>{<}>{<}>{<}>{<}>{<}>{<}>{<}>{<}>{<}>{<}>{<}>{<}>{<}>{<}>{<}>{<}> 20: 10.0.2.2: ignoring empty handshake
 19: 10.0.2.2: ignoring empty handshake
 16: 10.0.2.2: ignoring empty handshake
{<}>{<}>}>}>{<}>}>{<}>{<}>}>}>}>{<}>}>{<}>}>{<}>{<}>}>}>{<}>}>{<}>}>{<}>}>{<}>{<}>}>{<}>{<}>{<}>}>{<}>}>}>}>{<}>}>}>}>{<}>}>{<}>{<}>}>{<}>}>}>}>{<}>}>}>{<}>{<}>{<}>{<}>}>}>{<}>}>}>}>{<}>}>}>{<}}>>{<}>{<}>{<}>{<}>}>}>{<}>}>{<}>}>}>}>{<}>}>{<}>}>}>{<}>}>}>}>}>{<}>{<}>}>}>{<}>}>}>{<}>}>{<}>}>}>}>{<}>{<}>}>{<}>{<}>}>{<}>}>{<}}>>{<}>}>}{><}>{<}>}>{<}>}>{<}>}>}>}>}>{<}>{<}>}>}>}>{<}>{<}>}>}>{<}>}>{<}>}>}>{<}>{<}>}>}>}>{<}>}>{<}>{<}>}>}>{<}>}>}>{<}>}>}>{<}>{<}>}>}>}>{<}>}>{<}>{<}>}>}>}>{<}>}>{<}>{<}>}>}>}>{<}>}>{<}>{<}>}>}>}>{<}>}>{<}>{<}>}>}>}>}>}>{<}>}>{<}>{<}>}>}>{<}>{<}>}>}>{<}>}>}{><}>}>}>{<}>}>{<}>}>{<}>}>{<}>}>{<}>}>}>}>{<}>{<}>}>{<}>}>}>{<}>}>}>}>{<}>}>}>{<}>}>{<}>}>{<}>}>{<}>}>}>{<}>}>{<}>}>{<}>}>{<}>}>{<}>}>}>}>{<}>}>{<}>{<}>}>{<}>}>{<}>}>}>}>{<}>}>{<}>{<}>}>}>}>{<}>}>{<}>}>{<}}>>}>{<}>}>}>{<}>{<}>{<}>{<}>}>{<}>}>{<}>{<}>}>{<}>}>{<}>{<}>}>{<}>{<}>}>}>}>{<}>}>{<}>}>}>}>{<}>{<}>}>{<}>}>{<}>{<}>{<}>{<}>{<}>{<}> 21: ignore:ignore: Client closed connection
 21: 127.0.0.1:5900: Target closed

Broadcast message from sysop@devstack
	(/dev/pts/28) at 15:34 ...

The system is going down for halt NOW!
root@devstack:~# /usr/local/bin/nova-novncproxy --config-file /etc/nova/nova.conf --web /opt/stack/noVNC
WebSocket server settings:
  - Listen on 0.0.0.0:6080
  - Flash security policy server
  - Web server. Web root: /opt/stack/noVNC
  - No SSL/TLS support (no cert file)
  - proxying from 0.0.0.0:6080 to ignore:ignore


Broadcast message from sysop@devstack
	(/dev/pts/28) at 15:43 ...

The system is going down for halt NOW!
root@devstack:~# /usr/local/bin/nova-novncproxy --config-file /etc/nova/nova.con f --web /opt/stack/noVNC
WebSocket server settings:
  - Listen on 0.0.0.0:6080
  - Flash security policy server
  - Web server. Web root: /opt/stack/noVNC
  - No SSL/TLS support (no cert file)
  - proxying from 0.0.0.0:6080 to ignore:ignore


Broadcast message from root@devstack
	(/dev/pts/25) at 10:10 ...

The system is going down for reboot NOW!
